{"level":"info","message":"Identity service up and running on port 3001","service":"identity-service","timestamp":"2026-05-24T02:37:20.803Z"}
{"level":"info","message":"Connected to mongodb database","service":"identity-service","timestamp":"2026-05-24T02:37:20.876Z"}
{"level":"info","message":"[POST] - received for endpoint /api/auth/register","service":"identity-service","timestamp":"2026-05-24T02:40:12.610Z"}
{"level":"info","message":"[POST] - received for endpoint /api/auth/register","service":"identity-service","timestamp":"2026-05-24T02:41:47.584Z"}
{"level":"info","message":"Identity service up and running on port 3001","service":"identity-service","timestamp":"2026-05-24T02:42:16.065Z"}
{"level":"info","message":"Connected to mongodb database","service":"identity-service","timestamp":"2026-05-24T02:42:16.133Z"}
{"level":"info","message":"[POST] - received for endpoint /api/auth/register","service":"identity-service","timestamp":"2026-05-24T02:42:19.858Z"}
{"level":"info","message":"[POST] - received for endpoint /api/auth/register","service":"identity-service","timestamp":"2026-05-24T02:42:22.833Z"}
{"level":"info","message":"Identity service up and running on port 3001","service":"identity-service","timestamp":"2026-05-24T02:43:03.737Z"}
{"level":"info","message":"Connected to mongodb database","service":"identity-service","timestamp":"2026-05-24T02:43:03.801Z"}
{"level":"info","message":"[POST] - received for endpoint /api/auth/register","service":"identity-service","timestamp":"2026-05-24T02:43:06.002Z"}
{"level":"error","message":"User registration error Cannot destructure property 'email' of 'req.body' as it is undefined.","service":"identity-service","stack":"TypeError: Cannot destructure property 'email' of 'req.body' as it is undefined.\n    at registerUser (C:\\Users\\acer\\OneDrive\\Desktop\\backend-development-resources\\microservices\\identity-service\\controllers\\identityController.js:22:17)\n    at Layer.handleRequest (C:\\Users\\acer\\OneDrive\\Desktop\\backend-development-resources\\microservices\\identity-service\\node_modules\\router\\lib\\layer.js:152:17)\n    at next (C:\\Users\\acer\\OneDrive\\Desktop\\backend-development-resources\\microservices\\identity-service\\node_modules\\router\\lib\\route.js:157:13)\n    at Route.dispatch (C:\\Users\\acer\\OneDrive\\Desktop\\backend-development-resources\\microservices\\identity-service\\node_modules\\router\\lib\\route.js:117:3)\n    at handle (C:\\Users\\acer\\OneDrive\\Desktop\\backend-development-resources\\microservices\\identity-service\\node_modules\\router\\index.js:435:11)\n    at Layer.handleRequest (C:\\Users\\acer\\OneDrive\\Desktop\\backend-development-resources\\microservices\\identity-service\\node_modules\\router\\lib\\layer.js:152:17)\n    at C:\\Users\\acer\\OneDrive\\Desktop\\backend-development-resources\\microservices\\identity-service\\node_modules\\router\\index.js:295:15\n    at processParams (C:\\Users\\acer\\OneDrive\\Desktop\\backend-development-resources\\microservices\\identity-service\\node_modules\\router\\index.js:582:12)\n    at next (C:\\Users\\acer\\OneDrive\\Desktop\\backend-development-resources\\microservices\\identity-service\\node_modules\\router\\index.js:291:5)\n    at router.handle (C:\\Users\\acer\\OneDrive\\Desktop\\backend-development-resources\\microservices\\identity-service\\node_modules\\router\\index.js:186:3)","timestamp":"2026-05-24T02:43:06.022Z"}
{"level":"info","message":"Identity service up and running on port 3001","service":"identity-service","timestamp":"2026-05-24T02:45:03.730Z"}
{"level":"info","message":"Connected to mongodb database","service":"identity-service","timestamp":"2026-05-24T02:45:03.796Z"}
{"level":"info","message":"[POST] - received for endpoint /api/auth/register","service":"identity-service","timestamp":"2026-05-24T02:45:07.573Z"}
{"level":"debug","message":"Joi validation check passed for register user","service":"identity-service","timestamp":"2026-05-24T02:45:07.600Z"}
{"level":"error","message":"User registration error Cannot destructure property 'email' of 'req.body' as it is undefined.","service":"identity-service","stack":"TypeError: Cannot destructure property 'email' of 'req.body' as it is undefined.\n    at registerUser (C:\\Users\\acer\\OneDrive\\Desktop\\backend-development-resources\\microservices\\identity-service\\controllers\\identityController.js:23:17)\n    at Layer.handleRequest (C:\\Users\\acer\\OneDrive\\Desktop\\backend-development-resources\\microservices\\identity-service\\node_modules\\router\\lib\\layer.js:152:17)\n    at next (C:\\Users\\acer\\OneDrive\\Desktop\\backend-development-resources\\microservices\\identity-service\\node_modules\\router\\lib\\route.js:157:13)\n    at Route.dispatch (C:\\Users\\acer\\OneDrive\\Desktop\\backend-development-resources\\microservices\\identity-service\\node_modules\\router\\lib\\route.js:117:3)\n    at handle (C:\\Users\\acer\\OneDrive\\Desktop\\backend-development-resources\\microservices\\identity-service\\node_modules\\router\\index.js:435:11)\n    at Layer.handleRequest (C:\\Users\\acer\\OneDrive\\Desktop\\backend-development-resources\\microservices\\identity-service\\node_modules\\router\\lib\\layer.js:152:17)\n    at C:\\Users\\acer\\OneDrive\\Desktop\\backend-development-resources\\microservices\\identity-service\\node_modules\\router\\index.js:295:15\n    at processParams (C:\\Users\\acer\\OneDrive\\Desktop\\backend-development-resources\\microservices\\identity-service\\node_modules\\router\\index.js:582:12)\n    at next (C:\\Users\\acer\\OneDrive\\Desktop\\backend-development-resources\\microservices\\identity-service\\node_modules\\router\\index.js:291:5)\n    at router.handle (C:\\Users\\acer\\OneDrive\\Desktop\\backend-development-resources\\microservices\\identity-service\\node_modules\\router\\index.js:186:3)","timestamp":"2026-05-24T02:45:07.602Z"}
{"level":"info","message":"Identity service up and running on port 3001","service":"identity-service","timestamp":"2026-05-24T02:46:47.783Z"}
{"level":"info","message":"Connected to mongodb database","service":"identity-service","timestamp":"2026-05-24T02:46:47.845Z"}
{"level":"info","message":"[POST] - received for endpoint /api/auth/register","service":"identity-service","timestamp":"2026-05-24T02:46:52.123Z"}
{"level":"debug","message":"Joi validation check passed for register user","service":"identity-service","timestamp":"2026-05-24T02:46:52.140Z"}
{"level":"error","message":"User registration error Cannot destructure property 'email' of 'req.body' as it is undefined.","service":"identity-service","stack":"TypeError: Cannot destructure property 'email' of 'req.body' as it is undefined.\n    at registerUser (C:\\Users\\acer\\OneDrive\\Desktop\\backend-development-resources\\microservices\\identity-service\\controllers\\identityController.js:23:17)\n    at Layer.handleRequest (C:\\Users\\acer\\OneDrive\\Desktop\\backend-development-resources\\microservices\\identity-service\\node_modules\\router\\lib\\layer.js:152:17)\n    at next (C:\\Users\\acer\\OneDrive\\Desktop\\backend-development-resources\\microservices\\identity-service\\node_modules\\router\\lib\\route.js:157:13)\n    at Route.dispatch (C:\\Users\\acer\\OneDrive\\Desktop\\backend-development-resources\\microservices\\identity-service\\node_modules\\router\\lib\\route.js:117:3)\n    at handle (C:\\Users\\acer\\OneDrive\\Desktop\\backend-development-resources\\microservices\\identity-service\\node_modules\\router\\index.js:435:11)\n    at Layer.handleRequest (C:\\Users\\acer\\OneDrive\\Desktop\\backend-development-resources\\microservices\\identity-service\\node_modules\\router\\lib\\layer.js:152:17)\n    at C:\\Users\\acer\\OneDrive\\Desktop\\backend-development-resources\\microservices\\identity-service\\node_modules\\router\\index.js:295:15\n    at processParams (C:\\Users\\acer\\OneDrive\\Desktop\\backend-development-resources\\microservices\\identity-service\\node_modules\\router\\index.js:582:12)\n    at next (C:\\Users\\acer\\OneDrive\\Desktop\\backend-development-resources\\microservices\\identity-service\\node_modules\\router\\index.js:291:5)\n    at router.handle (C:\\Users\\acer\\OneDrive\\Desktop\\backend-development-resources\\microservices\\identity-service\\node_modules\\router\\index.js:186:3)","timestamp":"2026-05-24T02:46:52.142Z"}
{"level":"info","message":"Identity service up and running on port 3001","service":"identity-service","timestamp":"2026-05-24T02:47:03.728Z"}
{"level":"info","message":"Connected to mongodb database","service":"identity-service","timestamp":"2026-05-24T02:47:03.784Z"}
{"level":"info","message":"[POST] - received for endpoint /api/auth/register","service":"identity-service","timestamp":"2026-05-24T02:47:07.487Z"}
{"level":"debug","message":"Joi validation check passed for register user","service":"identity-service","timestamp":"2026-05-24T02:47:07.505Z"}
{"level":"error","message":"User registration error Cannot destructure property 'email' of 'req.body' as it is undefined.","service":"identity-service","stack":"TypeError: Cannot destructure property 'email' of 'req.body' as it is undefined.\n    at registerUser (C:\\Users\\acer\\OneDrive\\Desktop\\backend-development-resources\\microservices\\identity-service\\controllers\\identityController.js:23:17)\n    at Layer.handleRequest (C:\\Users\\acer\\OneDrive\\Desktop\\backend-development-resources\\microservices\\identity-service\\node_modules\\router\\lib\\layer.js:152:17)\n    at next (C:\\Users\\acer\\OneDrive\\Desktop\\backend-development-resources\\microservices\\identity-service\\node_modules\\router\\lib\\route.js:157:13)\n    at Route.dispatch (C:\\Users\\acer\\OneDrive\\Desktop\\backend-development-resources\\microservices\\identity-service\\node_modules\\router\\lib\\route.js:117:3)\n    at handle (C:\\Users\\acer\\OneDrive\\Desktop\\backend-development-resources\\microservices\\identity-service\\node_modules\\router\\index.js:435:11)\n    at Layer.handleRequest (C:\\Users\\acer\\OneDrive\\Desktop\\backend-development-resources\\microservices\\identity-service\\node_modules\\router\\lib\\layer.js:152:17)\n    at C:\\Users\\acer\\OneDrive\\Desktop\\backend-development-resources\\microservices\\identity-service\\node_modules\\router\\index.js:295:15\n    at processParams (C:\\Users\\acer\\OneDrive\\Desktop\\backend-development-resources\\microservices\\identity-service\\node_modules\\router\\index.js:582:12)\n    at next (C:\\Users\\acer\\OneDrive\\Desktop\\backend-development-resources\\microservices\\identity-service\\node_modules\\router\\index.js:291:5)\n    at router.handle (C:\\Users\\acer\\OneDrive\\Desktop\\backend-development-resources\\microservices\\identity-service\\node_modules\\router\\index.js:186:3)","timestamp":"2026-05-24T02:47:07.508Z"}
{"level":"info","message":"Identity service up and running on port 3001","service":"identity-service","timestamp":"2026-05-24T02:49:59.382Z"}
{"level":"info","message":"Connected to mongodb database","service":"identity-service","timestamp":"2026-05-24T02:49:59.439Z"}
{"level":"info","message":"[POST] - received for endpoint /api/auth/register","service":"identity-service","timestamp":"2026-05-24T02:50:03.511Z"}
{"level":"debug","message":"Joi validation check passed for register user","service":"identity-service","timestamp":"2026-05-24T02:50:03.530Z"}
{"level":"error","message":"User registration error Cannot destructure property 'email' of 'req.body' as it is undefined.","service":"identity-service","stack":"TypeError: Cannot destructure property 'email' of 'req.body' as it is undefined.\n    at registerUser (C:\\Users\\acer\\OneDrive\\Desktop\\backend-development-resources\\microservices\\identity-service\\controllers\\identityController.js:23:17)\n    at Layer.handleRequest (C:\\Users\\acer\\OneDrive\\Desktop\\backend-development-resources\\microservices\\identity-service\\node_modules\\router\\lib\\layer.js:152:17)\n    at next (C:\\Users\\acer\\OneDrive\\Desktop\\backend-development-resources\\microservices\\identity-service\\node_modules\\router\\lib\\route.js:157:13)\n    at Route.dispatch (C:\\Users\\acer\\OneDrive\\Desktop\\backend-development-resources\\microservices\\identity-service\\node_modules\\router\\lib\\route.js:117:3)\n    at handle (C:\\Users\\acer\\OneDrive\\Desktop\\backend-development-resources\\microservices\\identity-service\\node_modules\\router\\index.js:435:11)\n    at Layer.handleRequest (C:\\Users\\acer\\OneDrive\\Desktop\\backend-development-resources\\microservices\\identity-service\\node_modules\\router\\lib\\layer.js:152:17)\n    at C:\\Users\\acer\\OneDrive\\Desktop\\backend-development-resources\\microservices\\identity-service\\node_modules\\router\\index.js:295:15\n    at processParams (C:\\Users\\acer\\OneDrive\\Desktop\\backend-development-resources\\microservices\\identity-service\\node_modules\\router\\index.js:582:12)\n    at next (C:\\Users\\acer\\OneDrive\\Desktop\\backend-development-resources\\microservices\\identity-service\\node_modules\\router\\index.js:291:5)\n    at router.handle (C:\\Users\\acer\\OneDrive\\Desktop\\backend-development-resources\\microservices\\identity-service\\node_modules\\router\\index.js:186:3)","timestamp":"2026-05-24T02:50:03.532Z"}
{"level":"info","message":"Identity service up and running on port 3001","service":"identity-service","timestamp":"2026-05-24T02:52:26.728Z"}
{"level":"info","message":"Connected to mongodb database","service":"identity-service","timestamp":"2026-05-24T02:52:26.798Z"}
{"level":"info","message":"[POST] - received for endpoint /api/auth/register","service":"identity-service","timestamp":"2026-05-24T02:52:29.187Z"}
{"level":"warn","message":"Empty request body in register user","service":"identity-service","timestamp":"2026-05-24T02:52:29.199Z"}
{"level":"info","message":"Identity service up and running on port 3001","service":"identity-service","timestamp":"2026-05-24T02:53:27.569Z"}
{"level":"info","message":"Connected to mongodb database","service":"identity-service","timestamp":"2026-05-24T02:53:27.639Z"}
{"level":"info","message":"[POST] - received for endpoint /api/auth/register","service":"identity-service","timestamp":"2026-05-24T02:53:31.526Z"}
{"level":"warn","message":"Empty request body in register user","service":"identity-service","timestamp":"2026-05-24T02:53:31.537Z"}
{"level":"info","message":"[POST] - received for endpoint /api/auth/register","service":"identity-service","timestamp":"2026-05-24T02:54:43.163Z"}
{"level":"debug","message":"Joi validation check passed for register user","service":"identity-service","timestamp":"2026-05-24T02:54:43.177Z"}
{"level":"info","message":"user: febin.web3dev@gmail.com created successfully","service":"identity-service","timestamp":"2026-05-24T02:54:43.352Z"}
{"level":"error","message":"User registration error generateToken is not a function","service":"identity-service","stack":"TypeError: generateToken is not a function\n    at registerUser (C:\\Users\\acer\\OneDrive\\Desktop\\backend-development-resources\\microservices\\identity-service\\controllers\\identityController.js:45:53)\n    at process.processTicksAndRejections (node:internal/process/task_queues:104:5)","timestamp":"2026-05-24T02:54:43.354Z"}
{"level":"info","message":"Identity service up and running on port 3001","service":"identity-service","timestamp":"2026-05-24T02:56:10.295Z"}
{"level":"info","message":"Connected to mongodb database","service":"identity-service","timestamp":"2026-05-24T02:56:10.352Z"}
{"level":"info","message":"[POST] - received for endpoint /api/auth/register","service":"identity-service","timestamp":"2026-05-24T02:56:12.209Z"}
{"level":"debug","message":"Joi validation check passed for register user","service":"identity-service","timestamp":"2026-05-24T02:56:12.228Z"}
{"level":"warn","message":"User already exists with this email","service":"identity-service","timestamp":"2026-05-24T02:56:12.246Z"}
{"level":"info","message":"Identity service up and running on port 3001","service":"identity-service","timestamp":"2026-05-24T02:58:00.942Z"}
{"level":"info","message":"Connected to mongodb database","service":"identity-service","timestamp":"2026-05-24T02:58:01.016Z"}
{"level":"info","message":"[POST] - received for endpoint /api/auth/register","service":"identity-service","timestamp":"2026-05-24T02:58:22.077Z"}
{"level":"debug","message":"Joi validation check passed for register user","service":"identity-service","timestamp":"2026-05-24T02:58:22.095Z"}
{"level":"info","message":"user: jeslin.web3dev@gmail.com created successfully","service":"identity-service","timestamp":"2026-05-24T02:58:22.271Z"}
{"level":"error","message":"User registration error Cannot read properties of undefined (reading '_id')","service":"identity-service","stack":"TypeError: Cannot read properties of undefined (reading '_id')\n    at generateTokens (C:\\Users\\acer\\OneDrive\\Desktop\\backend-development-resources\\microservices\\identity-service\\utils\\generateToken.js:15:26)\n    at registerUser (C:\\Users\\acer\\OneDrive\\Desktop\\backend-development-resources\\microservices\\identity-service\\controllers\\identityController.js:45:53)\n    at process.processTicksAndRejections (node:internal/process/task_queues:104:5)","timestamp":"2026-05-24T02:58:22.273Z"}
{"level":"info","message":"Identity service up and running on port 3001","service":"identity-service","timestamp":"2026-05-24T02:59:28.068Z"}
{"level":"info","message":"Connected to mongodb database","service":"identity-service","timestamp":"2026-05-24T02:59:28.134Z"}
{"level":"info","message":"Identity service up and running on port 3001","service":"identity-service","timestamp":"2026-05-24T03:00:31.407Z"}
{"level":"info","message":"Connected to mongodb database","service":"identity-service","timestamp":"2026-05-24T03:00:31.466Z"}
{"0":"r","1":"e","2":"a","3":"s","4":"o","5":"n","command":{"args":["NaN"],"name":"select"},"level":"error","message":"Unhandled promise rejection","service":"identity-service","timestamp":"2026-05-24T03:00:31.477Z"}
{"0":"r","1":"e","2":"a","3":"s","4":"o","5":"n","command":{"args":["NaN"],"name":"select"},"level":"error","message":"Unhandled promise rejection","service":"identity-service","timestamp":"2026-05-24T03:00:31.478Z"}
{"0":"r","1":"e","2":"a","3":"s","4":"o","5":"n","command":{"args":["NaN"],"name":"select"},"level":"error","message":"Unhandled promise rejection","service":"identity-service","timestamp":"2026-05-24T03:00:31.479Z"}
{"level":"info","message":"[POST] - received for endpoint /api/auth/register","service":"identity-service","timestamp":"2026-05-24T03:00:34.308Z"}
{"level":"debug","message":"Joi validation check passed for register user","service":"identity-service","timestamp":"2026-05-24T03:00:34.331Z"}
{"level":"info","message":"user: jeslin.web3dev@gmail.com created successfully","service":"identity-service","timestamp":"2026-05-24T03:00:34.498Z"}
{"level":"error","message":"User registration error secretOrPrivateKey must have a value","service":"identity-service","stack":"Error: secretOrPrivateKey must have a value\n    at module.exports [as sign] (C:\\Users\\acer\\OneDrive\\Desktop\\backend-development-resources\\microservices\\identity-service\\node_modules\\jsonwebtoken\\sign.js:111:20)\n    at generateTokens (C:\\Users\\acer\\OneDrive\\Desktop\\backend-development-resources\\microservices\\identity-service\\utils\\generateToken.js:14:29)\n    at registerUser (C:\\Users\\acer\\OneDrive\\Desktop\\backend-development-resources\\microservices\\identity-service\\controllers\\identityController.js:45:53)\n    at process.processTicksAndRejections (node:internal/process/task_queues:104:5)","timestamp":"2026-05-24T03:00:34.500Z"}
{"level":"info","message":"[POST] - received for endpoint /api/auth/register","service":"identity-service","timestamp":"2026-05-24T03:00:48.345Z"}
{"level":"debug","message":"Joi validation check passed for register user","service":"identity-service","timestamp":"2026-05-24T03:00:48.350Z"}
{"level":"warn","message":"User already exists with this email","service":"identity-service","timestamp":"2026-05-24T03:00:48.360Z"}
{"level":"info","message":"Identity service up and running on port 3001","service":"identity-service","timestamp":"2026-05-24T03:01:33.634Z"}
{"level":"info","message":"Connected to mongodb database","service":"identity-service","timestamp":"2026-05-24T03:01:33.707Z"}
{"level":"info","message":"[POST] - received for endpoint /api/auth/register","service":"identity-service","timestamp":"2026-05-24T03:01:41.986Z"}
{"level":"debug","message":"Joi validation check passed for register user","service":"identity-service","timestamp":"2026-05-24T03:01:42.009Z"}
{"level":"info","message":"user: jeslin.web3dev@gmail.com created successfully","service":"identity-service","timestamp":"2026-05-24T03:01:42.180Z"}
{"level":"error","message":"User registration error secretOrPrivateKey must have a value","service":"identity-service","stack":"Error: secretOrPrivateKey must have a value\n    at module.exports [as sign] (C:\\Users\\acer\\OneDrive\\Desktop\\backend-development-resources\\microservices\\identity-service\\node_modules\\jsonwebtoken\\sign.js:111:20)\n    at generateTokens (C:\\Users\\acer\\OneDrive\\Desktop\\backend-development-resources\\microservices\\identity-service\\utils\\generateToken.js:14:29)\n    at registerUser (C:\\Users\\acer\\OneDrive\\Desktop\\backend-development-resources\\microservices\\identity-service\\controllers\\identityController.js:45:53)\n    at process.processTicksAndRejections (node:internal/process/task_queues:104:5)","timestamp":"2026-05-24T03:01:42.183Z"}
{"level":"info","message":"Identity service up and running on port 3001","service":"identity-service","timestamp":"2026-05-24T03:02:09.869Z"}
{"level":"info","message":"Connected to mongodb database","service":"identity-service","timestamp":"2026-05-24T03:02:09.930Z"}
{"level":"info","message":"[POST] - received for endpoint /api/auth/register","service":"identity-service","timestamp":"2026-05-24T03:02:17.381Z"}
{"level":"debug","message":"Joi validation check passed for register user","service":"identity-service","timestamp":"2026-05-24T03:02:17.440Z"}
{"level":"warn","message":"User already exists with this email","service":"identity-service","timestamp":"2026-05-24T03:02:17.458Z"}
{"level":"info","message":"Identity service up and running on port 3001","service":"identity-service","timestamp":"2026-05-24T03:02:51.958Z"}
{"level":"info","message":"Connected to mongodb database","service":"identity-service","timestamp":"2026-05-24T03:02:52.032Z"}
{"level":"info","message":"[POST] - received for endpoint /api/auth/register","service":"identity-service","timestamp":"2026-05-24T03:02:55.874Z"}
{"level":"debug","message":"Joi validation check passed for register user","service":"identity-service","timestamp":"2026-05-24T03:02:55.901Z"}
{"level":"info","message":"user: jeslin.web3dev@gmail.com created successfully","service":"identity-service","timestamp":"2026-05-24T03:02:56.068Z"}
{"level":"info","message":"[POST] - received for endpoint /api/auth/login","service":"identity-service","timestamp":"2026-05-24T03:03:43.031Z"}
{"level":"error","message":"Error occured in Login user userExisits is not defined","service":"identity-service","stack":"ReferenceError: userExisits is not defined\n    at loginUser (C:\\Users\\acer\\OneDrive\\Desktop\\backend-development-resources\\microservices\\identity-service\\controllers\\identityController.js:79:9)\n    at process.processTicksAndRejections (node:internal/process/task_queues:104:5)","timestamp":"2026-05-24T03:03:43.041Z"}
{"level":"info","message":"Identity service up and running on port 3001","service":"identity-service","timestamp":"2026-05-24T03:04:25.553Z"}
{"level":"info","message":"Connected to mongodb database","service":"identity-service","timestamp":"2026-05-24T03:04:25.597Z"}
{"level":"info","message":"[POST] - received for endpoint /api/auth/login","service":"identity-service","timestamp":"2026-05-24T03:04:27.869Z"}
{"level":"warn","message":"Invalid credentials for Login","service":"identity-service","timestamp":"2026-05-24T03:04:27.899Z"}
{"level":"info","message":"[POST] - received for endpoint /api/auth/login","service":"identity-service","timestamp":"2026-05-24T03:04:32.710Z"}
{"level":"warn","message":"Invalid credentials for Login","service":"identity-service","timestamp":"2026-05-24T03:04:32.716Z"}
